// Vitest Snapshot v1

exports[`App > should render 1`] = `
"<div class=\\"container-pokemon\\" data-v-2108564c=\\"\\" data-v-7a7a37b1=\\"\\">
  <h1 data-v-2108564c=\\"\\">Â¿Quien es este Pokemon?</h1>
  <div class=\\"cargando\\" data-v-2108564c=\\"\\"> Cargando el pokemon... </div>
  <!--v-if-->
</div>"
`;
