// Vitest Snapshot v1

exports[`PokemonPicture > debe de hacer match con el SnapShot 1`] = `"<div class=\\"pokemon-image\\" data-v-c76ad58e=\\"\\"><img class=\\"filter pokemon\\" src=\\"https://raw.githubusercontent.com/PokeAPI/sprites/master/sprites/pokemon/other/dream-world/1.svg\\" alt=\\"pokemon\\" title=\\"pokemon\\" data-v-c76ad58e=\\"\\"><img class=\\"fade-in pokemon\\" src=\\"https://raw.githubusercontent.com/PokeAPI/sprites/master/sprites/pokemon/other/dream-world/1.svg\\" alt=\\"pokemon\\" title=\\"pokemon\\" data-v-c76ad58e=\\"\\"></div>"`;
